../Core/Src/main.c:66:5:main	8	static
../Core/Src/main.c:101:6:SystemClock_Config	88	static
../Core/Src/main.c:138:13:MX_ADC1_Init	24	static
../Core/Src/main.c:171:13:MX_ADC2_Init	24	static
../Core/Src/main.c:203:13:MX_ADC3_Init	24	static
../Core/Src/main.c:234:13:MX_TIM2_Init	48	static
../Core/Src/main.c:269:13:MX_TIM3_Init	48	static
../Core/Src/main.c:313:13:MX_TIM4_Init	48	static
../Core/Src/main.c:360:13:MX_USART3_UART_Init	8	static
../Core/Src/main.c:377:13:MX_USART6_UART_Init	8	static
../Core/Src/main.c:395:13:MX_GPIO_Init	56	static
../Core/Src/main.c:460:6:straight	4	static
../Core/Src/main.c:472:6:Lrotate	4	static
../Core/Src/main.c:484:6:Rrotate	4	static
../Core/Src/main.c:497:6:Pause	4	static
../Core/Src/main.c:509:6:back	4	static
../Core/Src/main.c:522:6:HAL_TIM_IC_CaptureCallback	16	static
../Core/Src/main.c:570:6:HCSR04_Read	8	static
../Core/Src/main.c:579:6:drivingTask_init	16	static
../Core/Src/main.c:649:6:sensorTask_init	16	static
../Core/Src/main.c:671:6:Error_Handler	4	static,ignoring_inline_asm
